{
  requesterUsername: "test",
  requesterAvatarIconUri: undefined,
  responderUsername: "",
  responderAvatarIconUri: undefined,
  initialLocation: "panel",
  requests: [
    {
      requestId: "request_3eb8350c-4ec3-42af-a77d-ce8f9fe2dcd2",
      message: {
        parts: [
          {
            range: {
              start: 0,
              endExclusive: 28
            },
            editorRange: {
              startLineNumber: 1,
              startColumn: 1,
              endLineNumber: 1,
              endColumn: 29
            },
            agent: {
              name: "ChatProviderWithUsedContext",
              id: "ChatProviderWithUsedContext",
              extensionId: {
                value: "nullExtensionDescription",
                _lower: "nullextensiondescription"
              },
              extensionPublisherId: "",
              publisherDisplayName: "",
              extensionDisplayName: "",
              locations: [ "panel" ],
              metadata: {  },
              slashCommands: [  ],
              disambiguation: [  ]
            },
            kind: "agent"
          },
          {
            range: {
              start: 28,
              endExclusive: 41
            },
            editorRange: {
              startLineNumber: 1,
              startColumn: 29,
              endLineNumber: 1,
              endColumn: 42
            },
            text: " test request",
            kind: "text"
          }
        ],
        text: "@ChatProviderWithUsedContext test request"
      },
      variableData: { variables: [  ] },
      response: [  ],
      responseId: "response_cca33b3a-b782-4b1e-816f-30bee4ad6916",
      result: { errorDetails: { message: "No activated agent with id \"ChatProviderWithUsedContext\"" } },
      followups: undefined,
      isCanceled: false,
      vote: undefined,
      voteDownReason: undefined,
      agent: {
        name: "ChatProviderWithUsedContext",
        id: "ChatProviderWithUsedContext",
        extensionId: {
          value: "nullExtensionDescription",
          _lower: "nullextensiondescription"
        },
        extensionPublisherId: "",
        publisherDisplayName: "",
        extensionDisplayName: "",
        locations: [ "panel" ],
        metadata: {  },
        slashCommands: [  ],
        disambiguation: [  ]
      },
      slashCommand: undefined,
      usedContext: undefined,
      contentReferences: [  ],
      codeCitations: [  ],
      timestamp: undefined
    }
  ]
}